../Core/Src/main.c:156:5:main	8	static
../Core/Src/main.c:255:6:SystemClock_Config	88	static
../Core/Src/main.c:297:13:MX_ADC1_Init	24	static
../Core/Src/main.c:349:13:MX_I2C1_Init	8	static
../Core/Src/main.c:383:13:MX_TIM1_Init	96	static
../Core/Src/main.c:457:13:MX_TIM2_Init	56	static
../Core/Src/main.c:506:13:MX_TIM3_Init	56	static
../Core/Src/main.c:555:13:MX_TIM8_Init	96	static
../Core/Src/main.c:633:13:MX_USART3_UART_Init	8	static
../Core/Src/main.c:666:13:MX_GPIO_Init	48	static
../Core/Src/main.c:702:6:HAL_UART_RxCpltCallback	16	static
../Core/Src/main.c:712:6:messageCompleteHandler	24	static
../Core/Src/main.c:721:6:SensorRead_ISR	8	static
../Core/Src/main.c:733:6:StartDefaultTask	48	static
../Core/Src/main.c:771:6:show	48	static
../Core/Src/main.c:795:6:motors	32	static
../Core/Src/main.c:977:6:encoder_task	80	static
../Core/Src/main.c:1058:6:IR	16	static
../Core/Src/main.c:1080:6:Error_Handler	4	static,ignoring_inline_asm
